a        eat  in="日" sel="1日 2曰 "
<space>  eat  in="日" sel="1日 2曰 "
o        eat  in="人" sel="1人 " commit="日"
n        eat  in="人弓" sel="1乞 2亇 3亿 4㐈 5𠆤 6𢎦 "
f        eat  in="人弓火" sel="1你 2𣱛 "
<space>  eat  in="人弓火" sel="1你 2𣱛 "
h        eat  in="竹" sel="1竹 2丿 3𥫗 " commit="你"
q        eat  in="竹手" sel="1牛 2牜 3 4𥬄 "
i        eat  in="竹手戈" sel="1我 2牫 3𥫻 "
<space>  eat  in="竹手戈" sel="1我 2牫 3𥫻 "
2        eat  in="" sel="" commit="牫"
