# phrase buffer mode: characters collect until enter
d        eat  in="日" sel="'日 [曰 "
a        eat  in="日人" sel="'歇 "
<space>  eat  in="" sel="" buf="歇 " presel="'歇宿 [歇工 ]歇後語 -歇息 \歇手 "歇斯底里 {歇業 }歇腳"
d        eat  in="日" sel="'日 [曰 " buf="歇 "
<space>  eat  in="" sel="" buf="歇日 "
<enter>  eat  in="" sel="" commit="歇日"
d        eat  in="日" sel="'日 [曰 "
a        eat  in="日人" sel="'歇 "
<space>  eat  in="" sel="" buf="歇 " presel="'歇宿 [歇工 ]歇後語 -歇息 \歇手 "歇斯底里 {歇業 }歇腳"
<bs>     eat  in="" sel=""
<esc>    pass in="" sel=""
