# space_style overridden to "does not send first character"
a        eat  in="A" sel="1一 "
<space>  eat  in="" sel="" commit="一"
b        eat  in="B" sel="1二 2八 "
<space>  eat  in="B" sel="1二 2八 "
<space>  eat  in="" sel="" commit="二"
b        eat  in="B" sel="1二 2八 "
<space>  eat  in="B" sel="1二 2八 "
1        eat  in="" sel="" commit="二"
c        eat  in="C" sel="1上 2下 3中 "
<space>  eat  in="C" sel="1上 2下 3中 "
2        eat  in="" sel="" commit="下"
